// Jest Snapshot v1, https://goo.gl/fbAQLP

exports[`tests in <DayWeathercard/> should match with the snapshot 1`] = `
{
  "asFragment": [Function],
  "baseElement": <body>
    <div>
      <div
        class="p-2"
      >
        <div
          class="card border false border-3 border-secondary rounded d-flex flex-column justify-content-center align-items-center"
        >
          <div
            class="fs-4"
          >
            Thursday
          </div>
          <div>
            <img
              alt="Rain"
              height="120px"
              loading="lazy"
              src="https://openweathermap.org/img/wn/10d@4x.png"
              width="120px"
            />
          </div>
          <div
            class="d-flex flex-column"
          >
            <p
              class="m-0"
            >
              Light rain
            </p>
            <p
              class="m-0"
            >
              Daytime temperature: 
              <strong>
                15.4
                °C
              </strong>
            </p>
            <p
              class="m-0"
            >
              Nighttime temperature: 
              <strong>
                13.5
                °C
              </strong>
            </p>
            <p
              class="m-0"
            >
              Daytime real feel: 
              <strong>
                14.3
                °C
              </strong>
            </p>
            <p
              class="mb-2"
            >
              Nighttime real feel: 
              <strong>
                12.5
                °C
              </strong>
            </p>
          </div>
        </div>
      </div>
    </div>
    <div>
      <div
        class="p-2"
      >
        <div
          class="card border false border-3 border-secondary rounded d-flex flex-column justify-content-center align-items-center"
        >
          <div
            class="fs-4"
          >
            Thursday
          </div>
          <div>
            <img
              alt="Rain"
              height="120px"
              loading="lazy"
              src="https://openweathermap.org/img/wn/10d@4x.png"
              width="120px"
            />
          </div>
          <div
            class="d-flex flex-column"
          >
            <p
              class="m-0"
            >
              Light rain
            </p>
            <p
              class="m-0"
            >
              Daytime temperature: 
              <strong>
                15.4
                °C
              </strong>
            </p>
            <p
              class="m-0"
            >
              Nighttime temperature: 
              <strong>
                13.5
                °C
              </strong>
            </p>
            <p
              class="m-0"
            >
              Daytime real feel: 
              <strong>
                14.3
                °C
              </strong>
            </p>
            <p
              class="mb-2"
            >
              Nighttime real feel: 
              <strong>
                12.5
                °C
              </strong>
            </p>
          </div>
        </div>
      </div>
    </div>
  </body>,
  "container": <div>
    <div
      class="p-2"
    >
      <div
        class="card border false border-3 border-secondary rounded d-flex flex-column justify-content-center align-items-center"
      >
        <div
          class="fs-4"
        >
          Thursday
        </div>
        <div>
          <img
            alt="Rain"
            height="120px"
            loading="lazy"
            src="https://openweathermap.org/img/wn/10d@4x.png"
            width="120px"
          />
        </div>
        <div
          class="d-flex flex-column"
        >
          <p
            class="m-0"
          >
            Light rain
          </p>
          <p
            class="m-0"
          >
            Daytime temperature: 
            <strong>
              15.4
              °C
            </strong>
          </p>
          <p
            class="m-0"
          >
            Nighttime temperature: 
            <strong>
              13.5
              °C
            </strong>
          </p>
          <p
            class="m-0"
          >
            Daytime real feel: 
            <strong>
              14.3
              °C
            </strong>
          </p>
          <p
            class="mb-2"
          >
            Nighttime real feel: 
            <strong>
              12.5
              °C
            </strong>
          </p>
        </div>
      </div>
    </div>
  </div>,
  "debug": [Function],
  "findAllByAltText": [Function],
  "findAllByDisplayValue": [Function],
  "findAllByLabelText": [Function],
  "findAllByPlaceholderText": [Function],
  "findAllByRole": [Function],
  "findAllByTestId": [Function],
  "findAllByText": [Function],
  "findAllByTitle": [Function],
  "findByAltText": [Function],
  "findByDisplayValue": [Function],
  "findByLabelText": [Function],
  "findByPlaceholderText": [Function],
  "findByRole": [Function],
  "findByTestId": [Function],
  "findByText": [Function],
  "findByTitle": [Function],
  "getAllByAltText": [Function],
  "getAllByDisplayValue": [Function],
  "getAllByLabelText": [Function],
  "getAllByPlaceholderText": [Function],
  "getAllByRole": [Function],
  "getAllByTestId": [Function],
  "getAllByText": [Function],
  "getAllByTitle": [Function],
  "getByAltText": [Function],
  "getByDisplayValue": [Function],
  "getByLabelText": [Function],
  "getByPlaceholderText": [Function],
  "getByRole": [Function],
  "getByTestId": [Function],
  "getByText": [Function],
  "getByTitle": [Function],
  "queryAllByAltText": [Function],
  "queryAllByDisplayValue": [Function],
  "queryAllByLabelText": [Function],
  "queryAllByPlaceholderText": [Function],
  "queryAllByRole": [Function],
  "queryAllByTestId": [Function],
  "queryAllByText": [Function],
  "queryAllByTitle": [Function],
  "queryByAltText": [Function],
  "queryByDisplayValue": [Function],
  "queryByLabelText": [Function],
  "queryByPlaceholderText": [Function],
  "queryByRole": [Function],
  "queryByTestId": [Function],
  "queryByText": [Function],
  "queryByTitle": [Function],
  "rerender": [Function],
  "unmount": [Function],
}
`;
